
 Start  Stop   Length Name               Class

 00000H 00042H 00043H _TEXT              CODE
 00050H 0008BH 0003CH _DATA              DATA
 00090H 0048FH 00400H STACK              STACK


Detailed map of segments

 0000:0000 001D C=CODE   S=_TEXT          G=(none)  M=LAB6.ASM   ACBP=48
 0000:001E 000A C=CODE   S=_TEXT          G=(none)  M=INPUT.ASM  ACBP=48
 0000:0028 000D C=CODE   S=_TEXT          G=(none)  M=OUTPUT1.ASM ACBP=48
 0000:0036 000D C=CODE   S=_TEXT          G=(none)  M=OUTPUT2.ASM ACBP=48
 0005:0000 0000 C=DATA   S=_DATA          G=DGROUP  M=LAB6.ASM   ACBP=48
 0005:0000 0000 C=DATA   S=_DATA          G=DGROUP  M=INPUT.ASM  ACBP=48
 0005:0000 0028 C=DATA   S=_DATA          G=DGROUP  M=OUTPUT1.ASM ACBP=48
 0005:0028 0014 C=DATA   S=_DATA          G=DGROUP  M=OUTPUT2.ASM ACBP=48
 0005:0040 0100 C=STACK  S=STACK          G=DGROUP  M=LAB6.ASM   ACBP=74
 0005:0140 0100 C=STACK  S=STACK          G=DGROUP  M=INPUT.ASM  ACBP=74
 0005:0240 0100 C=STACK  S=STACK          G=DGROUP  M=OUTPUT1.ASM ACBP=74
 0005:0340 0100 C=STACK  S=STACK          G=DGROUP  M=OUTPUT2.ASM ACBP=74

  Address         Publics by Name

 0000:001E       INPUT
 0000:0028       OUTPUT1
 0000:0036       OUTPUT2

  Address         Publics by Value

 0000:001E       INPUT
 0000:0028       OUTPUT1
 0000:0036       OUTPUT2

Line numbers for lab6.obj(LAB6.ASM) segment _TEXT

     8 0000:0000    10 0000:0004    11 0000:0008    12 0000:000A
    13 0000:000C    14 0000:0010    17 0000:0012    18 0000:0016
    19 0000:0018    20 0000:001B
Line numbers for input.obj(INPUT.ASM) segment _TEXT

     9 0000:001E    10 0000:0021    11 0000:0023    12 0000:0025
    13 0000:0027
Line numbers for output1.obj(OUTPUT1.ASM) segment _TEXT

    11 0000:0028    12 0000:002B    13 0000:002D    14 0000:002F
    15 0000:0032    16 0000:0034
Line numbers for output2.obj(OUTPUT2.ASM) segment _TEXT

    11 0000:0036    12 0000:0039    13 0000:003B    14 0000:003D
    15 0000:0040    16 0000:0042
Program entry point at 0000:0000

