Turbo Assembler	 Version 2.02	     13/06/21 23:06:14	    Page 1
INPUT.asm
INPUT


      1				     ; Дополнительный исходный файл
      2				     PUBLIC INPUT ; Объявляем процедуру INPUT	публичной для	    +
      3				     работы других модулей
      4	0000			     .model small
      5	0000			     .stack 100h
      6	0000			     .code
      7	0000			     INPUT PROC	far
      8	0000  55		     push bp
      9	0001  50		     push ax
     10	0002  57		     push di
     11	0003  8B EC		     mov bp, sp
     12	0005  B4 01		     mov ah, 1 ; вызываем функцию ввода символа
     13	0007  CD 21		     int 21h ; прерывание для отработки функции
     14	0009  8B 7E 0A		     mov di,[bp+10]
     15	000C  88 05		     mov [di],al
     16	000E  5F		     pop di
     17	000F  58		     pop ax
     18	0010  5D		     pop bp
     19	0011  CB		     ret ; возврат к текущему месту в программе
     20	0012			     INPUT endp
     21				     end
Turbo Assembler	 Version 2.02	     13/06/21 23:06:14	    Page 2
Symbol Table
INPUT



Symbol Name			  Type	 Value

??DATE				  Text	 "13/06/21"
??FILENAME			  Text	 "INPUT	  "
??TIME				  Text	 "23:06:14"
??VERSION			  Number 0202
@CODE				  Text	 _TEXT
@CODESIZE			  Text	 0
@CPU				  Text	 0101H
@CURSEG				  Text	 _TEXT
@DATA				  Text	 DGROUP
@DATASIZE			  Text	 0
@FILENAME			  Text	 INPUT
@MODEL				  Text	 2
@WORDSIZE			  Text	 2
INPUT				  Far	 _TEXT:0000

Groups & Segments		  Bit Size Align  Combine Class

DGROUP				  Group
  STACK				  16  0100 Para	  Stack	  STACK
  _DATA				  16  0000 Word	  Public  DATA
_TEXT				  16  0012 Word	  Public  CODE
