
 Start  Stop   Length Name               Class

 00000H 00075H 00076H _TEXT              CODE
 00080H 000BDH 0003EH _DATA              DATA
 000C0H 004BFH 00400H STACK              STACK


Detailed map of segments

 0000:0000 0043 C=CODE   S=_TEXT          G=(none)  M=LAB6.ASM   ACBP=48
 0000:0044 0012 C=CODE   S=_TEXT          G=(none)  M=INPUT.ASM  ACBP=48
 0000:0056 0010 C=CODE   S=_TEXT          G=(none)  M=OUTPUT1.ASM ACBP=48
 0000:0066 0010 C=CODE   S=_TEXT          G=(none)  M=OUTPUT2.ASM ACBP=48
 0008:0000 003D C=DATA   S=_DATA          G=DGROUP  M=LAB6.ASM   ACBP=48
 0008:003E 0000 C=DATA   S=_DATA          G=DGROUP  M=INPUT.ASM  ACBP=48
 0008:003E 0000 C=DATA   S=_DATA          G=DGROUP  M=OUTPUT1.ASM ACBP=48
 0008:003E 0000 C=DATA   S=_DATA          G=DGROUP  M=OUTPUT2.ASM ACBP=48
 0008:0040 0100 C=STACK  S=STACK          G=DGROUP  M=LAB6.ASM   ACBP=74
 0008:0140 0100 C=STACK  S=STACK          G=DGROUP  M=INPUT.ASM  ACBP=74
 0008:0240 0100 C=STACK  S=STACK          G=DGROUP  M=OUTPUT1.ASM ACBP=74
 0008:0340 0100 C=STACK  S=STACK          G=DGROUP  M=OUTPUT2.ASM ACBP=74

  Address         Publics by Name

 0000:0044       INPUT
 0000:0056       OUTPUT1
 0000:0066       OUTPUT2

  Address         Publics by Value

 0000:0044       INPUT
 0000:0056       OUTPUT1
 0000:0066       OUTPUT2

Line numbers for lab6.obj(LAB6.ASM) segment _TEXT

    12 0000:0000    13 0000:0003    14 0000:0005    15 0000:0008
    16 0000:0009    17 0000:000D    19 0000:0010    20 0000:0013
    21 0000:0014    22 0000:0018    23 0000:001B    24 0000:001E
    25 0000:0020    26 0000:0022    27 0000:0024    28 0000:0027
    29 0000:0028    30 0000:002C    31 0000:002F    34 0000:0031
    35 0000:0034    36 0000:0035    37 0000:0039    38 0000:003C
    39 0000:003E    40 0000:0041
Line numbers for input.obj(INPUT.ASM) segment _TEXT

     8 0000:0044     9 0000:0045    10 0000:0046    11 0000:0047
    12 0000:0049    13 0000:004B    14 0000:004D    15 0000:0050
    16 0000:0052    17 0000:0053    18 0000:0054    19 0000:0055
Line numbers for output1.obj(OUTPUT1.ASM) segment _TEXT

     9 0000:0056    10 0000:0057    11 0000:0058    12 0000:0059
    13 0000:005B    14 0000:005D    15 0000:0060    16 0000:0062
    17 0000:0063    18 0000:0064    19 0000:0065
Line numbers for output2.obj(OUTPUT2.ASM) segment _TEXT

    10 0000:0066    11 0000:0067    12 0000:0068    13 0000:0069
    14 0000:006B    15 0000:006D    16 0000:0070    17 0000:0072
    18 0000:0073    19 0000:0074    20 0000:0075
Program entry point at 0000:0000

