Turbo Assembler	 Version 2.02	     13/06/21 23:06:00	    Page 1
OUTPUT2.asm
OUTPUT2


      1				     ; Дополнительный исходный файл
      2				     PUBLIC OUTPUT2; Объявляем	процедуру OUTPUT2 публичной для	    +
      3				     работы других модулей
      4	0000			     .model small; задание модели "Small"
      5	0000			     .stack 100h; сегмент стека в 100h байт
      6
      7	0000			     .code; сегмент кода
      8
      9	0000			     OUTPUT2 PROC far
     10	0000  55		     push bp
     11	0001  50		     push ax
     12	0002  52		     push dx
     13	0003  8B EC		     mov bp,sp
     14	0005  B4 09		     mov ah, 09h ; AH =	9 (прерывание	для вывода)
     15	0007  8B 56 0A		     mov dx,[bp	+ 10]
     16	000A  CD 21		     int 21h ; вывод на экран сообщения
     17	000C  5A		     pop dx
     18	000D  58		     pop ax
     19	000E  5D		     pop bp
     20	000F  CB		     ret; возврат управления из процедуры вызывающей	    +
     21				     программе
     22	0010			     OUTPUT2 endp
     23				     end
Turbo Assembler	 Version 2.02	     13/06/21 23:06:00	    Page 2
Symbol Table
OUTPUT2



Symbol Name			  Type	 Value

??DATE				  Text	 "13/06/21"
??FILENAME			  Text	 "OUTPUT2 "
??TIME				  Text	 "23:06:00"
??VERSION			  Number 0202
@CODE				  Text	 _TEXT
@CODESIZE			  Text	 0
@CPU				  Text	 0101H
@CURSEG				  Text	 _TEXT
@DATA				  Text	 DGROUP
@DATASIZE			  Text	 0
@FILENAME			  Text	 OUTPUT2
@MODEL				  Text	 2
@WORDSIZE			  Text	 2
OUTPUT2				  Far	 _TEXT:0000

Groups & Segments		  Bit Size Align  Combine Class

DGROUP				  Group
  STACK				  16  0100 Para	  Stack	  STACK
  _DATA				  16  0000 Word	  Public  DATA
_TEXT				  16  0010 Word	  Public  CODE
